// Jest Snapshot v1, https://goo.gl/fbAQLP

exports[`Commits should render correctly  1`] = `
<div
  class="pl-6 lg:w-80"
>
  <div
    class="pt-6 pb-2"
  >
    <h2
      class="text-sm font-semibold"
    >
      Activity
    </h2>
  </div>
  <div>
    <ul
      class="divide-y divide-gray-200"
      role="list"
    >
      <li
        class="py-4"
      >
        <a
          href="www.github.com"
          rel="noreferrer"
          target="_blank"
        >
          <div
            class="flex space-x-3"
          >
            <img
              alt="login"
              class="h-6 w-6 rounded-full"
              src="https://avatars3.githubusercontent.com/u/1234?v=4"
            />
            <div
              class="flex-1 space-y-1"
            >
              <h3
                class="text-sm font-medium"
              >
                login
              </h3>
              <p
                class="text-sm text-gray-500"
              >
                hello
              </p>
            </div>
          </div>
        </a>
      </li>
    </ul>
    <div
      class="py-4 text-sm border-t border-gray-200"
    >
      <a
        class="text-indigo-600 font-semibold hover:text-indigo-900"
        href="#"
      >
        View all activity 
        <span
          aria-hidden="true"
        >
          â†’
        </span>
      </a>
    </div>
  </div>
</div>
`;
